[32m[Nest] 31916  - [39m12/03/2026 23:13:26 [32m    LOG[39m [38;5;3m[NestFactory] [39m[32mStarting Nest application...[39m
[32m[Nest] 31916  - [39m12/03/2026 23:13:26 [32m    LOG[39m [38;5;3m[InstanceLoader] [39m[32mAppModule dependencies initialized[39m[38;5;3m +23ms[39m
[32m[Nest] 31916  - [39m12/03/2026 23:13:26 [32m    LOG[39m [38;5;3m[InstanceLoader] [39m[32mDatabaseModule dependencies initialized[39m[38;5;3m +4ms[39m
[32m[Nest] 31916  - [39m12/03/2026 23:13:26 [32m    LOG[39m [38;5;3m[InstanceLoader] [39m[32mConfigHostModule dependencies initialized[39m[38;5;3m +2ms[39m
[32m[Nest] 31916  - [39m12/03/2026 23:13:26 [32m    LOG[39m [38;5;3m[InstanceLoader] [39m[32mUserSettingsModule dependencies initialized[39m[38;5;3m +0ms[39m
[32m[Nest] 31916  - [39m12/03/2026 23:13:26 [32m    LOG[39m [38;5;3m[InstanceLoader] [39m[32mPlantsModule dependencies initialized[39m[38;5;3m +0ms[39m
[32m[Nest] 31916  - [39m12/03/2026 23:13:26 [32m    LOG[39m [38;5;3m[InstanceLoader] [39m[32mConfigModule dependencies initialized[39m[38;5;3m +1ms[39m
[32m[Nest] 31916  - [39m12/03/2026 23:13:26 [32m    LOG[39m [38;5;3m[InstanceLoader] [39m[32mConfigModule dependencies initialized[39m[38;5;3m +1ms[39m
[32m[Nest] 31916  - [39m12/03/2026 23:13:26 [32m    LOG[39m [38;5;3m[InstanceLoader] [39m[32mShopModule dependencies initialized[39m[38;5;3m +1ms[39m
[32m[Nest] 31916  - [39m12/03/2026 23:13:26 [32m    LOG[39m [38;5;3m[InstanceLoader] [39m[32mMediaModule dependencies initialized[39m[38;5;3m +1ms[39m
[32m[Nest] 31916  - [39m12/03/2026 23:13:26 [32m    LOG[39m [38;5;3m[InstanceLoader] [39m[32mDeviceTelemetryModule dependencies initialized[39m[38;5;3m +0ms[39m
[32m[Nest] 31916  - [39m12/03/2026 23:13:26 [32m    LOG[39m [38;5;3m[InstanceLoader] [39m[32mJwtModule dependencies initialized[39m[38;5;3m +0ms[39m
[32m[Nest] 31916  - [39m12/03/2026 23:13:26 [32m    LOG[39m [38;5;3m[InstanceLoader] [39m[32mServeStaticModule dependencies initialized[39m[38;5;3m +0ms[39m
[32m[Nest] 31916  - [39m12/03/2026 23:13:26 [32m    LOG[39m [38;5;3m[InstanceLoader] [39m[32mWikiModule dependencies initialized[39m[38;5;3m +1ms[39m
[32m[Nest] 31916  - [39m12/03/2026 23:13:26 [32m    LOG[39m [38;5;3m[InstanceLoader] [39m[32mAchievementsModule dependencies initialized[39m[38;5;3m +0ms[39m
[32m[Nest] 31916  - [39m12/03/2026 23:13:26 [32m    LOG[39m [38;5;3m[InstanceLoader] [39m[32mMeasurementsModule dependencies initialized[39m[38;5;3m +0ms[39m
[32m[Nest] 31916  - [39m12/03/2026 23:13:26 [32m    LOG[39m [38;5;3m[InstanceLoader] [39m[32mAlertsModule dependencies initialized[39m[38;5;3m +0ms[39m
[32m[Nest] 31916  - [39m12/03/2026 23:13:26 [32m    LOG[39m [38;5;3m[InstanceLoader] [39m[32mForumModule dependencies initialized[39m[38;5;3m +0ms[39m
[32m[Nest] 31916  - [39m12/03/2026 23:13:26 [32m    LOG[39m [38;5;3m[InstanceLoader] [39m[32mUsersModule dependencies initialized[39m[38;5;3m +1ms[39m
[32m[Nest] 31916  - [39m12/03/2026 23:13:26 [32m    LOG[39m [38;5;3m[InstanceLoader] [39m[32mDevicesModule dependencies initialized[39m[38;5;3m +0ms[39m
[32m[Nest] 31916  - [39m12/03/2026 23:13:26 [32m    LOG[39m [38;5;3m[InstanceLoader] [39m[32mBasesModule dependencies initialized[39m[38;5;3m +0ms[39m
[32m[Nest] 31916  - [39m12/03/2026 23:13:26 [32m    LOG[39m [38;5;3m[InstanceLoader] [39m[32mAuthModule dependencies initialized[39m[38;5;3m +0ms[39m
[32m[Nest] 31916  - [39m12/03/2026 23:13:26 [32m    LOG[39m [38;5;3m[RoutesResolver] [39m[32mAuthController {/api/auth}:[39m[38;5;3m +20ms[39m
[32m[Nest] 31916  - [39m12/03/2026 23:13:26 [32m    LOG[39m [38;5;3m[RouterExplorer] [39m[32mMapped {/api/auth/register, POST} route[39m[38;5;3m +2ms[39m
[32m[Nest] 31916  - [39m12/03/2026 23:13:26 [32m    LOG[39m [38;5;3m[RouterExplorer] [39m[32mMapped {/api/auth/login, POST} route[39m[38;5;3m +0ms[39m
[32m[Nest] 31916  - [39m12/03/2026 23:13:26 [32m    LOG[39m [38;5;3m[RouterExplorer] [39m[32mMapped {/api/auth/refresh, POST} route[39m[38;5;3m +0ms[39m
[32m[Nest] 31916  - [39m12/03/2026 23:13:26 [32m    LOG[39m [38;5;3m[RouterExplorer] [39m[32mMapped {/api/auth/logout, POST} route[39m[38;5;3m +1ms[39m
[32m[Nest] 31916  - [39m12/03/2026 23:13:26 [32m    LOG[39m [38;5;3m[RouterExplorer] [39m[32mMapped {/api/auth/forgot-password, POST} route[39m[38;5;3m +0ms[39m
[32m[Nest] 31916  - [39m12/03/2026 23:13:26 [32m    LOG[39m [38;5;3m[RouterExplorer] [39m[32mMapped {/api/auth/reset-password, POST} route[39m[38;5;3m +0ms[39m
[32m[Nest] 31916  - [39m12/03/2026 23:13:26 [32m    LOG[39m [38;5;3m[RoutesResolver] [39m[32mUsersController {/api/users}:[39m[38;5;3m +0ms[39m
[32m[Nest] 31916  - [39m12/03/2026 23:13:26 [32m    LOG[39m [38;5;3m[RouterExplorer] [39m[32mMapped {/api/users/me, GET} route[39m[38;5;3m +1ms[39m
[32m[Nest] 31916  - [39m12/03/2026 23:13:26 [32m    LOG[39m [38;5;3m[RouterExplorer] [39m[32mMapped {/api/users/me, PUT} route[39m[38;5;3m +0ms[39m
[32m[Nest] 31916  - [39m12/03/2026 23:13:26 [32m    LOG[39m [38;5;3m[RouterExplorer] [39m[32mMapped {/api/users/me/avatar, POST} route[39m[38;5;3m +0ms[39m
[32m[Nest] 31916  - [39m12/03/2026 23:13:26 [32m    LOG[39m [38;5;3m[RouterExplorer] [39m[32mMapped {/api/users/user/avatar, POST} route[39m[38;5;3m +0ms[39m
[32m[Nest] 31916  - [39m12/03/2026 23:13:26 [32m    LOG[39m [38;5;3m[RoutesResolver] [39m[32mAchievementsController {/api}:[39m[38;5;3m +1ms[39m
[32m[Nest] 31916  - [39m12/03/2026 23:13:26 [32m    LOG[39m [38;5;3m[RouterExplorer] [39m[32mMapped {/api/me/achievements, GET} route[39m[38;5;3m +0ms[39m
[32m[Nest] 31916  - [39m12/03/2026 23:13:26 [32m    LOG[39m [38;5;3m[RouterExplorer] [39m[32mMapped {/api/achievements, GET} route[39m[38;5;3m +0ms[39m
[32m[Nest] 31916  - [39m12/03/2026 23:13:26 [32m    LOG[39m [38;5;3m[RoutesResolver] [39m[32mUserSettingsController {/api/user-settings}:[39m[38;5;3m +0ms[39m
[32m[Nest] 31916  - [39m12/03/2026 23:13:26 [32m    LOG[39m [38;5;3m[RouterExplorer] [39m[32mMapped {/api/user-settings, GET} route[39m[38;5;3m +0ms[39m
[32m[Nest] 31916  - [39m12/03/2026 23:13:26 [32m    LOG[39m [38;5;3m[RouterExplorer] [39m[32mMapped {/api/user-settings, PUT} route[39m[38;5;3m +1ms[39m
[32m[Nest] 31916  - [39m12/03/2026 23:13:26 [32m    LOG[39m [38;5;3m[RoutesResolver] [39m[32mDevicesController {/api/pots}:[39m[38;5;3m +0ms[39m
[32m[Nest] 31916  - [39m12/03/2026 23:13:26 [32m    LOG[39m [38;5;3m[RouterExplorer] [39m[32mMapped {/api/pots, GET} route[39m[38;5;3m +0ms[39m
[32m[Nest] 31916  - [39m12/03/2026 23:13:26 [32m    LOG[39m [38;5;3m[RouterExplorer] [39m[32mMapped {/api/pots/:id, GET} route[39m[38;5;3m +0ms[39m
[32m[Nest] 31916  - [39m12/03/2026 23:13:26 [32m    LOG[39m [38;5;3m[RouterExplorer] [39m[32mMapped {/api/pots/link, POST} route[39m[38;5;3m +0ms[39m
[32m[Nest] 31916  - [39m12/03/2026 23:13:26 [32m    LOG[39m [38;5;3m[RouterExplorer] [39m[32mMapped {/api/pots/:id, DELETE} route[39m[38;5;3m +1ms[39m
[32m[Nest] 31916  - [39m12/03/2026 23:13:26 [32m    LOG[39m [38;5;3m[RouterExplorer] [39m[32mMapped {/api/pots/:id/plant, PATCH} route[39m[38;5;3m +0ms[39m
[32m[Nest] 31916  - [39m12/03/2026 23:13:26 [32m    LOG[39m [38;5;3m[RouterExplorer] [39m[32mMapped {/api/pots/:id/plant, DELETE} route[39m[38;5;3m +0ms[39m
[32m[Nest] 31916  - [39m12/03/2026 23:13:26 [32m    LOG[39m [38;5;3m[RoutesResolver] [39m[32mPlantsController {/api/plants}:[39m[38;5;3m +0ms[39m
[32m[Nest] 31916  - [39m12/03/2026 23:13:26 [32m    LOG[39m [38;5;3m[RouterExplorer] [39m[32mMapped {/api/plants, GET} route[39m[38;5;3m +0ms[39m
[32m[Nest] 31916  - [39m12/03/2026 23:13:26 [32m    LOG[39m [38;5;3m[RouterExplorer] [39m[32mMapped {/api/plants, POST} route[39m[38;5;3m +1ms[39m
[32m[Nest] 31916  - [39m12/03/2026 23:13:26 [32m    LOG[39m [38;5;3m[RoutesResolver] [39m[32mWikiController {/api/wiki}:[39m[38;5;3m +0ms[39m
[32m[Nest] 31916  - [39m12/03/2026 23:13:26 [32m    LOG[39m [38;5;3m[RouterExplorer] [39m[32mMapped {/api/wiki/plants, GET} route[39m[38;5;3m +0ms[39m
[32m[Nest] 31916  - [39m12/03/2026 23:13:26 [32m    LOG[39m [38;5;3m[RouterExplorer] [39m[32mMapped {/api/wiki/plants/:id, GET} route[39m[38;5;3m +0ms[39m
[32m[Nest] 31916  - [39m12/03/2026 23:13:26 [32m    LOG[39m [38;5;3m[RoutesResolver] [39m[32mAdminPlantsController {/api/admin/plants}:[39m[38;5;3m +1ms[39m
[32m[Nest] 31916  - [39m12/03/2026 23:13:26 [32m    LOG[39m [38;5;3m[RouterExplorer] [39m[32mMapped {/api/admin/plants/:id/image, POST} route[39m[38;5;3m +0ms[39m
[32m[Nest] 31916  - [39m12/03/2026 23:13:26 [32m    LOG[39m [38;5;3m[RoutesResolver] [39m[32mMeasurementsController {/api/pots/:potId/measurements}:[39m[38;5;3m +0ms[39m
[32m[Nest] 31916  - [39m12/03/2026 23:13:26 [32m    LOG[39m [38;5;3m[RouterExplorer] [39m[32mMapped {/api/pots/:potId/measurements, GET} route[39m[38;5;3m +0ms[39m
[32m[Nest] 31916  - [39m12/03/2026 23:13:26 [32m    LOG[39m [38;5;3m[RouterExplorer] [39m[32mMapped {/api/pots/:potId/measurements/latest, GET} route[39m[38;5;3m +0ms[39m
[32m[Nest] 31916  - [39m12/03/2026 23:13:26 [32m    LOG[39m [38;5;3m[RoutesResolver] [39m[32mAlertsController {/api/pots/:potId/alerts}:[39m[38;5;3m +0ms[39m
[32m[Nest] 31916  - [39m12/03/2026 23:13:26 [32m    LOG[39m [38;5;3m[RouterExplorer] [39m[32mMapped {/api/pots/:potId/alerts, GET} route[39m[38;5;3m +1ms[39m
[32m[Nest] 31916  - [39m12/03/2026 23:13:26 [32m    LOG[39m [38;5;3m[RouterExplorer] [39m[32mMapped {/api/pots/:potId/alerts/alerts/:id/resolve, PATCH} route[39m[38;5;3m +0ms[39m
[32m[Nest] 31916  - [39m12/03/2026 23:13:26 [32m    LOG[39m [38;5;3m[RoutesResolver] [39m[32mDeviceTelemetryController {/api/device/telemetry}:[39m[38;5;3m +0ms[39m
[32m[Nest] 31916  - [39m12/03/2026 23:13:26 [32m    LOG[39m [38;5;3m[RouterExplorer] [39m[32mMapped {/api/device/telemetry, POST} route[39m[38;5;3m +0ms[39m
[32m[Nest] 31916  - [39m12/03/2026 23:13:26 [32m    LOG[39m [38;5;3m[RouterExplorer] [39m[32mMapped {/api/device/telemetry/simple, POST} route[39m[38;5;3m +0ms[39m
[32m[Nest] 31916  - [39m12/03/2026 23:13:26 [32m    LOG[39m [38;5;3m[RouterExplorer] [39m[32mMapped {/api/device/telemetry/simple/base-raw, POST} route[39m[38;5;3m +1ms[39m
[32m[Nest] 31916  - [39m12/03/2026 23:13:26 [32m    LOG[39m [38;5;3m[RoutesResolver] [39m[32mBasesController {/api/bases}:[39m[38;5;3m +0ms[39m
[32m[Nest] 31916  - [39m12/03/2026 23:13:26 [32m    LOG[39m [38;5;3m[RouterExplorer] [39m[32mMapped {/api/bases/pair, POST} route[39m[38;5;3m +0ms[39m
[32m[Nest] 31916  - [39m12/03/2026 23:13:26 [32m    LOG[39m [38;5;3m[RouterExplorer] [39m[32mMapped {/api/bases, GET} route[39m[38;5;3m +0ms[39m
[32m[Nest] 31916  - [39m12/03/2026 23:13:26 [32m    LOG[39m [38;5;3m[RouterExplorer] [39m[32mMapped {/api/bases/:id, GET} route[39m[38;5;3m +0ms[39m
[32m[Nest] 31916  - [39m12/03/2026 23:13:26 [32m    LOG[39m [38;5;3m[RouterExplorer] [39m[32mMapped {/api/bases/:id/slots, PATCH} route[39m[38;5;3m +1ms[39m
[32m[Nest] 31916  - [39m12/03/2026 23:13:26 [32m    LOG[39m [38;5;3m[RouterExplorer] [39m[32mMapped {/api/bases/:id/slots/:slotIndex/plant, PATCH} route[39m[38;5;3m +0ms[39m
[32m[Nest] 31916  - [39m12/03/2026 23:13:26 [32m    LOG[39m [38;5;3m[RouterExplorer] [39m[32mMapped {/api/bases/:id/slots/:slotIndex/measurements, GET} route[39m[38;5;3m +0ms[39m
[32m[Nest] 31916  - [39m12/03/2026 23:13:26 [32m    LOG[39m [38;5;3m[RoutesResolver] [39m[32mProductsController {/api/products}:[39m[38;5;3m +0ms[39m
[32m[Nest] 31916  - [39m12/03/2026 23:13:26 [32m    LOG[39m [38;5;3m[RouterExplorer] [39m[32mMapped {/api/products, GET} route[39m[38;5;3m +0ms[39m
[32m[Nest] 31916  - [39m12/03/2026 23:13:26 [32m    LOG[39m [38;5;3m[RouterExplorer] [39m[32mMapped {/api/products/:id, GET} route[39m[38;5;3m +0ms[39m
[32m[Nest] 31916  - [39m12/03/2026 23:13:26 [32m    LOG[39m [38;5;3m[RoutesResolver] [39m[32mForumController {/api/forum}:[39m[38;5;3m +1ms[39m
[32m[Nest] 31916  - [39m12/03/2026 23:13:26 [32m    LOG[39m [38;5;3m[RouterExplorer] [39m[32mMapped {/api/forum, GET} route[39m[38;5;3m +0ms[39m
[32m[Nest] 31916  - [39m12/03/2026 23:13:26 [32m    LOG[39m [38;5;3m[RouterExplorer] [39m[32mMapped {/api/forum, POST} route[39m[38;5;3m +0ms[39m
[32m[Nest] 31916  - [39m12/03/2026 23:13:26 [32m    LOG[39m [38;5;3m[RouterExplorer] [39m[32mMapped {/api/forum/:id/comment, POST} route[39m[38;5;3m +0ms[39m
[32m[Nest] 31916  - [39m12/03/2026 23:13:26 [32m    LOG[39m [38;5;3m[RoutesResolver] [39m[32mNotificationsController {/api/notifications}:[39m[38;5;3m +0ms[39m
[32m[Nest] 31916  - [39m12/03/2026 23:13:26 [32m    LOG[39m [38;5;3m[RouterExplorer] [39m[32mMapped {/api/notifications, GET} route[39m[38;5;3m +0ms[39m
[32m[Nest] 31916  - [39m12/03/2026 23:13:26 [32m    LOG[39m [38;5;3m[NestApplication] [39m[32mNest application successfully started[39m[38;5;3m +114ms[39m
[32m[Nest] 31916  - [39m12/03/2026 23:13:26 [32m    LOG[39m [38;5;3m[Bootstrap] [39m[32m🚀 Serveur prêt sur le LAN : http://192.168.1.191:3000[39m
[32m[Nest] 31916  - [39m12/03/2026 23:16:07 [32m    LOG[39m [38;5;3m[DevicesService] [39m[32mESP32 IP pour la base BASE_TEST_01 : 192.168.1.145[39m
[32m[Nest] 31916  - [39m12/03/2026 23:16:07 [32m    LOG[39m [38;5;3m[DevicesService] [39m[32mEnvoi à l'ESP32 -> http://192.168.1.145/api/espece?pot=3&espece=Basilic[39m
[32m[Nest] 31916  - [39m12/03/2026 23:16:08 [32m    LOG[39m [38;5;3m[DevicesService] [39m[32mRéponse ESP32 (200) : {"status":"success"}[39m
[32m[Nest] 31916  - [39m12/03/2026 23:24:57 [32m    LOG[39m [38;5;3m[DevicesService] [39m[32mESP32 IP pour la base BASE_TEST_01 : 192.168.1.145[39m
[32m[Nest] 31916  - [39m12/03/2026 23:24:57 [32m    LOG[39m [38;5;3m[DevicesService] [39m[32mEnvoi à l'ESP32 -> http://192.168.1.145/api/espece?pot=1&espece=Persil%20Plat[39m
[32m[Nest] 31916  - [39m12/03/2026 23:24:57 [32m    LOG[39m [38;5;3m[DevicesService] [39m[32mRéponse ESP32 (200) : {"status":"success"}[39m
[32m[Nest] 31916  - [39m12/03/2026 23:25:15 [32m    LOG[39m [38;5;3m[DevicesService] [39m[32mESP32 IP pour la base BASE_TEST_01 : 192.168.1.145[39m
[32m[Nest] 31916  - [39m12/03/2026 23:25:15 [32m    LOG[39m [38;5;3m[DevicesService] [39m[32mEnvoi à l'ESP32 -> http://192.168.1.145/api/espece?pot=1&espece=Basilic[39m
[32m[Nest] 31916  - [39m12/03/2026 23:25:15 [32m    LOG[39m [38;5;3m[DevicesService] [39m[32mRéponse ESP32 (200) : {"status":"success"}[39m
[32m[Nest] 31916  - [39m12/03/2026 23:25:29 [32m    LOG[39m [38;5;3m[DevicesService] [39m[32mESP32 IP pour la base BASE_TEST_01 : 192.168.1.145[39m
[32m[Nest] 31916  - [39m12/03/2026 23:25:29 [32m    LOG[39m [38;5;3m[DevicesService] [39m[32mEnvoi à l'ESP32 -> http://192.168.1.145/api/espece?pot=1&espece=Capucine[39m
[32m[Nest] 31916  - [39m12/03/2026 23:25:29 [32m    LOG[39m [38;5;3m[DevicesService] [39m[32mRéponse ESP32 (200) : {"status":"success"}[39m
[32m[Nest] 31916  - [39m12/03/2026 23:25:47 [32m    LOG[39m [38;5;3m[DevicesService] [39m[32mESP32 IP pour la base BASE_TEST_01 : 192.168.1.145[39m
[32m[Nest] 31916  - [39m12/03/2026 23:25:47 [32m    LOG[39m [38;5;3m[DevicesService] [39m[32mEnvoi à l'ESP32 -> http://192.168.1.145/api/espece?pot=1&espece=Tomate%20Cerise[39m
[32m[Nest] 31916  - [39m12/03/2026 23:25:48 [32m    LOG[39m [38;5;3m[DevicesService] [39m[32mRéponse ESP32 (200) : {"status":"success"}[39m
